---
source: tests/test_check_insta.rs
expression: "&fb.contents"
---
<?xml version="1.0" encoding="UTF-8" standalone="no"?>
<!DOCTYPE svg PUBLIC "-//W3C//DTD SVG 1.1//EN"
 "http://www.w3.org/Graphics/SVG/1.1/DTD/svg11.dtd">
<!-- Generated by graphviz version 2.43.0 (0)
 -->
<!-- Title: %3 Pages: 1 -->
<svg width="377pt" height="260pt"
 viewBox="0.00 0.00 377.32 260.00" xmlns="http://www.w3.org/2000/svg" xmlns:xlink="http://www.w3.org/1999/xlink">
<g id="graph0" class="graph" transform="scale(1 1) rotate(0) translate(4 256)">
<title>%3</title>
<polygon fill="white" stroke="transparent" points="-4,4 -4,-256 373.32,-256 373.32,4 -4,4"/>
<!-- _ZN7outerNS8OuterCat5shredERNS_5ThingE -->
<g id="node1" class="node">
<title>_ZN7outerNS8OuterCat5shredERNS_5ThingE</title>
<ellipse fill="none" stroke="black" cx="145.59" cy="-90" rx="130.78" ry="18"/>
<text text-anchor="middle" x="145.59" y="-86.3" font-family="Times,serif" font-size="14.00">outerNS::OuterCat::shred</text>
</g>
<!-- _ZN7outerNS5Thing10takeDamageEi -->
<g id="node2" class="node">
<title>_ZN7outerNS5Thing10takeDamageEi</title>
<ellipse fill="none" stroke="black" cx="145.59" cy="-18" rx="145.67" ry="18"/>
<text text-anchor="middle" x="145.59" y="-14.3" font-family="Times,serif" font-size="14.00">outerNS::Thing::takeDamage</text>
</g>
<!-- _ZN7outerNS8OuterCat5shredERNS_5ThingE&#45;&gt;_ZN7outerNS5Thing10takeDamageEi -->
<g id="edge1" class="edge">
<title>_ZN7outerNS8OuterCat5shredERNS_5ThingE&#45;&gt;_ZN7outerNS5Thing10takeDamageEi</title>
<path fill="none" stroke="black" d="M145.59,-71.7C145.59,-63.98 145.59,-54.71 145.59,-46.11"/>
<polygon fill="black" stroke="black" points="149.09,-46.1 145.59,-36.1 142.09,-46.1 149.09,-46.1"/>
</g>
<!-- _ZN7outerNS8OuterCat4meetERNS_5CouchE -->
<g id="node3" class="node">
<title>_ZN7outerNS8OuterCat4meetERNS_5CouchE</title>
<ellipse fill="none" stroke="black" cx="145.59" cy="-234" rx="128.08" ry="18"/>
<text text-anchor="middle" x="145.59" y="-230.3" font-family="Times,serif" font-size="14.00">outerNS::OuterCat::meet</text>
</g>
<!-- _ZN7outerNS8OuterCat4meetERNS_5CouchE&#45;&gt;_ZN7outerNS8OuterCat5shredERNS_5ThingE -->
<g id="edge2" class="edge">
<title>_ZN7outerNS8OuterCat4meetERNS_5CouchE&#45;&gt;_ZN7outerNS8OuterCat5shredERNS_5ThingE</title>
<path fill="none" stroke="black" d="M115.03,-216.47C101.86,-207.57 87.83,-195.26 80.59,-180 73.72,-165.55 73.72,-158.45 80.59,-144 86.3,-131.96 96.24,-121.76 106.65,-113.61"/>
<polygon fill="black" stroke="black" points="109,-116.24 115.03,-107.53 104.88,-110.57 109,-116.24"/>
</g>
<!-- _ZN7outerNS8OuterCat7destroyERNS_5ThingE -->
<g id="node4" class="node">
<title>_ZN7outerNS8OuterCat7destroyERNS_5ThingE</title>
<ellipse fill="none" stroke="black" cx="229.59" cy="-162" rx="139.98" ry="18"/>
<text text-anchor="middle" x="229.59" y="-158.3" font-family="Times,serif" font-size="14.00">outerNS::OuterCat::destroy</text>
</g>
<!-- _ZN7outerNS8OuterCat4meetERNS_5CouchE&#45;&gt;_ZN7outerNS8OuterCat7destroyERNS_5ThingE -->
<g id="edge4" class="edge">
<title>_ZN7outerNS8OuterCat4meetERNS_5CouchE&#45;&gt;_ZN7outerNS8OuterCat7destroyERNS_5ThingE</title>
<path fill="none" stroke="black" d="M165.92,-216.05C176.57,-207.18 189.78,-196.17 201.41,-186.48"/>
<polygon fill="black" stroke="black" points="203.71,-189.12 209.15,-180.03 199.23,-183.74 203.71,-189.12"/>
</g>
<!-- _ZN7outerNS8OuterCat7destroyERNS_5ThingE&#45;&gt;_ZN7outerNS8OuterCat5shredERNS_5ThingE -->
<g id="edge3" class="edge">
<title>_ZN7outerNS8OuterCat7destroyERNS_5ThingE&#45;&gt;_ZN7outerNS8OuterCat5shredERNS_5ThingE</title>
<path fill="none" stroke="black" d="M209.25,-144.05C198.52,-135.11 185.19,-124.01 173.51,-114.27"/>
<polygon fill="black" stroke="black" points="175.66,-111.5 165.73,-107.79 171.18,-116.88 175.66,-111.5"/>
</g>
</g>
</svg>

