---
source: tests/test_check_insta.rs
expression: "&json_results"
snapshot_kind: text
---
[
  {
    "loc": "00041:9-28",
    "target": 1,
    "kind": "def",
    "pretty": "per_target_function",
    "sym": "_Z19per_target_functionv"
  },
  {
    "loc": "00046:12-31",
    "target": 1,
    "kind": "use",
    "pretty": "per_target_function",
    "sym": "_Z19per_target_functionv"
  },
  {
    "loc": "00066:0-19",
    "target": 1,
    "kind": "def",
    "pretty": "per_target_function",
    "sym": "_Z19per_target_functionv"
  },
  {
    "loc": "00066:0-19",
    "target": 1,
    "kind": "use",
    "pretty": "per_target_function",
    "sym": "_Z19per_target_functionv"
  },
  {
    "loc": "00067:8-27",
    "target": 1,
    "kind": "use",
    "pretty": "per_target_function",
    "sym": "_Z19per_target_functionv"
  },
  {
    "loc": "00049:9-28",
    "target": 1,
    "kind": "def",
    "pretty": "per_target_function",
    "sym": "_Z19per_target_functionv"
  },
  {
    "loc": "00054:12-31",
    "target": 1,
    "kind": "use",
    "pretty": "per_target_function",
    "sym": "_Z19per_target_functionv"
  },
  {
    "loc": "00057:9-28",
    "target": 1,
    "kind": "def",
    "pretty": "per_target_function",
    "sym": "_Z19per_target_functionv"
  },
  {
    "loc": "00061:12-31",
    "target": 1,
    "kind": "use",
    "pretty": "per_target_function",
    "sym": "_Z19per_target_functionv"
  },
  {
    "loc": "00041:9-28",
    "source": 1,
    "syntax": "def,function",
    "pretty": "function per_target_function",
    "sym": "_Z19per_target_functionv",
    "type": "_Bool (void)"
  },
  {
    "loc": "00046:12-31",
    "source": 1,
    "syntax": "use,function",
    "pretty": "function per_target_function",
    "sym": "_Z19per_target_functionv",
    "type": "_Bool (void)"
  },
  {
    "loc": "00049:9-28",
    "source": 1,
    "syntax": "def,function",
    "pretty": "function per_target_function",
    "sym": "_Z19per_target_functionv",
    "type": "_Bool (void)"
  },
  {
    "loc": "00054:12-31",
    "source": 1,
    "syntax": "use,function",
    "pretty": "function per_target_function",
    "sym": "_Z19per_target_functionv",
    "type": "_Bool (void)"
  },
  {
    "loc": "00057:9-28",
    "source": 1,
    "syntax": "def,function",
    "pretty": "function per_target_function",
    "sym": "_Z19per_target_functionv",
    "type": "_Bool (void)"
  },
  {
    "loc": "00061:12-31",
    "source": 1,
    "syntax": "use,function",
    "pretty": "function per_target_function",
    "sym": "_Z19per_target_functionv",
    "type": "_Bool (void)"
  },
  {
    "loc": "00066:0-19",
    "source": 1,
    "syntax": "def,function,use",
    "pretty": "function per_target_function",
    "sym": "_Z19per_target_functionv",
    "type": "_Bool (void)",
    "inExpansionAt": {
      "M_774175e1e9d206ca": {
        "linux64": [
          5,
          66
        ]
      },
      "M_e377c6e1e9d206ca": {
        "win64": [
          5,
          57
        ]
      },
      "M_f777b5e1e9d206ca": {
        "macosx64": [
          5,
          66
        ]
      }
    }
  },
  {
    "loc": "00067:8-27",
    "source": 1,
    "syntax": "function,use",
    "pretty": "function per_target_function",
    "sym": "_Z19per_target_functionv",
    "type": "_Bool (void)"
  },
  {
    "loc": "00066:0-19",
    "structured": 1,
    "pretty": "per_target_function",
    "sym": "_Z19per_target_functionv",
    "type_pretty": null,
    "kind": "function",
    "subsystem": null,
    "implKind": "",
    "sizeBytes": null,
    "ownVFPtrBytes": null,
    "bindingSlots": [],
    "ontologySlots": [],
    "supers": [],
    "methods": [],
    "fields": [],
    "overrides": [],
    "props": [],
    "variants": [],
    "args": []
  }
]
