---
source: src/bin/test-index.rs
expression: "&json_results"
input_file: inputs/analysis/cpp/macro.cpp/CONST_MACRO__json
---
[
  {
    "loc": "00010:8-19",
    "target": 1,
    "kind": "def",
    "pretty": "CONST_MACRO",
    "sym": "M_b42801c9a44abeec"
  },
  {
    "loc": "00014:21-32",
    "target": 1,
    "kind": "use",
    "pretty": "CONST_MACRO",
    "sym": "M_b42801c9a44abeec"
  },
  {
    "loc": "00018:20-31",
    "target": 1,
    "kind": "use",
    "pretty": "CONST_MACRO",
    "sym": "M_b42801c9a44abeec"
  },
  {
    "loc": "00024:20-32",
    "target": 1,
    "kind": "use",
    "pretty": "CONST_MACRO",
    "sym": "M_b42801c9a44abeec"
  },
  {
    "loc": "00028:42-53",
    "target": 1,
    "kind": "use",
    "pretty": "CONST_MACRO",
    "sym": "M_b42801c9a44abeec"
  },
  {
    "loc": "00010:8-19",
    "source": 1,
    "syntax": "def,macro",
    "pretty": "macro CONST_MACRO",
    "sym": "M_b42801c9a44abeec"
  },
  {
    "loc": "00014:21-32",
    "source": 1,
    "syntax": "macro,use",
    "pretty": "macro CONST_MACRO",
    "sym": "M_b42801c9a44abeec"
  },
  {
    "loc": "00018:20-31",
    "source": 1,
    "syntax": "macro,use",
    "pretty": "macro CONST_MACRO",
    "sym": "M_b42801c9a44abeec",
    "expandsTo": {
      "M_b42801c9a44abeec": {
        "linux64": "15",
        "linux64-opt": "15",
        "macosx64-aarch64": "15",
        "macosx64-aarch64-opt": "15",
        "win64": "15",
        "win64-opt": "15"
      }
    }
  },
  {
    "loc": "00024:20-32",
    "source": 1,
    "syntax": "macro,use",
    "pretty": "macro CONST_MACRO",
    "sym": "M_b42801c9a44abeec"
  },
  {
    "loc": "00028:42-53",
    "source": 1,
    "syntax": "macro,use",
    "pretty": "macro CONST_MACRO",
    "sym": "M_b42801c9a44abeec"
  }
]
