---
source: src/bin/test-index.rs
expression: "&aggr_str"
---
<div role="row" id="line-43" class="source-line-with-number nesting-sticky-line">
  <div role="cell"><div class="cov-strip cov-no-data"></div></div>
  <div role="cell"><div class="blame-strip"></div></div>
  <div role="cell" class="line-number" data-line-number="43"></div>
  <code role="cell" class="source-line">    <span class="syn_reserved" >pub</span> <span class="syn_reserved" >fn</span> <span class="syn_def" data-symbols="S_rs_impl#[Loader]new()." data-confidences="[&quot;concrete&quot;]">new</span>(<span class="syn_def" data-symbols="S_rs_simple.rs/#0" data-confidences="[&quot;concrete&quot;]">deps_dir</span>: <span data-symbols="S_rs_path/PathBuf#" data-confidences="[&quot;concrete&quot;]">PathBuf</span>) -> <span data-symbols="S_rs_impl#[Loader]" data-confidences="[&quot;concrete&quot;]">Self</span> {
</code>
</div>
