---
source: tests/test_check_insta.rs
expression: "&to_value(scil).unwrap()"
---
{
  "symbol_crossref_infos": [
    {
      "symbol": "T_outerNS::Thing",
      "crossref_info": {
        "uses": [
          {
            "path": "big_cpp.cpp",
            "path_kind": "Normal",
            "lines": [
              {
                "lno": 172,
                "bounds": [
                  5,
                  10
                ],
                "line": "void Thing::ignore() {",
                "context": "outerNS::Thing::ignore",
                "contextsym": "_ZN7outerNS5Thing6ignoreEv"
              },
              {
                "lno": 185,
                "bounds": [
                  20,
                  25
                ],
                "line": "class Human: public Thing {",
                "context": "outerNS::Human",
                "contextsym": "T_outerNS::Human"
              },
              {
                "lno": 189,
                "bounds": [
                  2,
                  7
                ],
                "line": ": Thing(HUMAN_HP) {",
                "context": "outerNS::Human::Human",
                "contextsym": "_ZN7outerNS5HumanC1Ev"
              },
              {
                "lno": 211,
                "bounds": [
                  21,
                  26
                ],
                "line": "class Couch : public Thing {",
                "context": "outerNS::Couch",
                "contextsym": "T_outerNS::Couch"
              },
              {
                "lno": 215,
                "bounds": [
                  2,
                  7
                ],
                "line": ": Thing (couchHP) {",
                "context": "outerNS::Couch::Couch",
                "contextsym": "_ZN7outerNS5CouchC1Ei"
              },
              {
                "lno": 227,
                "bounds": [
                  17,
                  22
                ],
                "line": "class OuterCat : Thing {",
                "context": "outerNS::OuterCat",
                "contextsym": "T_outerNS::OuterCat"
              },
              {
                "lno": 267,
                "bounds": [
                  2,
                  7
                ],
                "line": ": Thing(9 * HUMAN_HP)",
                "context": "outerNS::OuterCat::OuterCat",
                "contextsym": "_ZN7outerNS8OuterCatC1Ebb"
              },
              {
                "lno": 410,
                "bounds": [
                  11,
                  16
                ],
                "line": "void shred(Thing &thing) {",
                "context": "outerNS::OuterCat::shred",
                "contextsym": "_ZN7outerNS8OuterCat5shredERNS_5ThingE"
              },
              {
                "lno": 417,
                "bounds": [
                  13,
                  18
                ],
                "line": "void destroy(Thing &thing) {",
                "context": "outerNS::OuterCat::destroy",
                "contextsym": "_ZN7outerNS8OuterCat7destroyERNS_5ThingE"
              },
              {
                "lno": 437,
                "bounds": [
                  27,
                  32
                ],
                "line": "class AbstractArt : public Thing {",
                "context": "outerNS::AbstractArt",
                "contextsym": "T_outerNS::AbstractArt"
              },
              {
                "lno": 440,
                "bounds": [
                  2,
                  7
                ],
                "line": ": Thing(ART_HP) {}",
                "context": "outerNS::AbstractArt::AbstractArt",
                "contextsym": "_ZN7outerNS11AbstractArtC1Ev"
              }
            ]
          }
        ],
        "defs": [
          {
            "path": "big_cpp.cpp",
            "path_kind": "Normal",
            "lines": [
              {
                "lno": 141,
                "bounds": [
                  6,
                  11
                ],
                "line": "class Thing {",
                "context": "",
                "contextsym": "",
                "peekRange": "141-141"
              }
            ]
          }
        ],
        "meta": {
          "structured": 1,
          "pretty": "outerNS::Thing",
          "sym": "T_outerNS::Thing",
          "type_pretty": null,
          "kind": "class",
          "subsystem": "Core/Big",
          "implKind": "",
          "sizeBytes": 16,
          "ownVFPtrBytes": 8,
          "bindingSlots": [],
          "ontologySlots": [],
          "supers": [],
          "methods": [
            {
              "pretty": "outerNS::Thing::Thing",
              "sym": "_ZN7outerNS5ThingC1Ei",
              "props": [
                "instance",
                "user"
              ],
              "args": []
            },
            {
              "pretty": "outerNS::Thing::ignore",
              "sym": "_ZN7outerNS5Thing6ignoreEv",
              "props": [
                "instance",
                "user"
              ],
              "args": []
            },
            {
              "pretty": "outerNS::Thing::takeDamage",
              "sym": "_ZN7outerNS5Thing10takeDamageEi",
              "props": [
                "instance",
                "virtual",
                "user"
              ],
              "args": []
            },
            {
              "pretty": "outerNS::Thing::operator=",
              "sym": "_ZN7outerNS5ThingaSERKS0_",
              "props": [
                "instance",
                "defaulted"
              ],
              "args": []
            },
            {
              "pretty": "outerNS::Thing::operator=",
              "sym": "_ZN7outerNS5ThingaSEOS0_",
              "props": [
                "instance",
                "defaulted"
              ],
              "args": []
            },
            {
              "pretty": "outerNS::Thing::~Thing",
              "sym": "_ZN7outerNS5ThingD1Ev",
              "props": [
                "instance",
                "defaulted"
              ],
              "args": []
            },
            {
              "pretty": "outerNS::Thing::Thing",
              "sym": "_ZN7outerNS5ThingC1ERKS0_",
              "props": [
                "instance",
                "defaulted",
                "constexpr"
              ],
              "args": []
            },
            {
              "pretty": "outerNS::Thing::Thing",
              "sym": "_ZN7outerNS5ThingC1EOS0_",
              "props": [
                "instance",
                "defaulted",
                "constexpr"
              ],
              "args": []
            }
          ],
          "fields": [
            {
              "lineRange": "#147",
              "pretty": "outerNS::Thing::mHP",
              "sym": "F_<T_outerNS::Thing>_mHP",
              "type": "int",
              "typesym": "",
              "offsetBytes": 8,
              "bitPositions": null,
              "sizeBytes": 4
            },
            {
              "lineRange": "#151",
              "pretty": "outerNS::Thing::mDefunct",
              "sym": "F_<T_outerNS::Thing>_mDefunct",
              "type": "_Bool",
              "typesym": "",
              "offsetBytes": 12,
              "bitPositions": null,
              "sizeBytes": 1
            }
          ],
          "overrides": [],
          "props": [],
          "subclasses": [
            "T_outerNS::Human",
            "T_outerNS::Couch",
            "T_outerNS::OuterCat",
            "T_outerNS::AbstractArt"
          ],
          "variants": []
        }
      },
      "relation": "Queried",
      "quality": "ExactIdentifier",
      "overloads_hit": []
    }
  ],
  "unknown_symbols": []
}
