---
source: tests/test_check_insta.rs
expression: "&json_results"
---
[
  {
    "loc": "00180:6-11",
    "structured": 1,
    "pretty": "outerNS::Human",
    "sym": "T_outerNS::Human",
    "kind": "class",
    "sizeBytes": 16,
    "supers": [
      {
        "sym": "T_outerNS::Thing",
        "props": []
      }
    ],
    "methods": [
      {
        "pretty": "outerNS::Human::Human",
        "sym": "_ZN7outerNS5HumanC1Ev",
        "props": [
          "instance",
          "user"
        ]
      },
      {
        "pretty": "outerNS::Human::operator=",
        "sym": "_ZN7outerNS5HumanaSERKS0_",
        "props": [
          "instance",
          "defaulted"
        ]
      },
      {
        "pretty": "outerNS::Human::operator=",
        "sym": "_ZN7outerNS5HumanaSEOS0_",
        "props": [
          "instance",
          "defaulted"
        ]
      },
      {
        "pretty": "outerNS::Human::~Human",
        "sym": "_ZN7outerNS5HumanD1Ev",
        "props": [
          "instance",
          "defaulted"
        ]
      },
      {
        "pretty": "outerNS::Human::Human",
        "sym": "_ZN7outerNS5HumanC1ERKS0_",
        "props": [
          "instance",
          "defaulted",
          "constexpr"
        ]
      },
      {
        "pretty": "outerNS::Human::Human",
        "sym": "_ZN7outerNS5HumanC1EOS0_",
        "props": [
          "instance",
          "defaulted",
          "constexpr"
        ]
      }
    ],
    "fields": []
  }
]
