---
source: tests/test_check_insta.rs
expression: "&to_value(grb).unwrap()"
---
{
  "graphs": [
    {
      "graph": "<?xml version=\"1.0\" encoding=\"UTF-8\" standalone=\"no\"?>\n<!DOCTYPE svg PUBLIC \"-//W3C//DTD SVG 1.1//EN\"\n \"http://www.w3.org/Graphics/SVG/1.1/DTD/svg11.dtd\">\n<!-- Generated by graphviz version 2.43.0 (0)\n -->\n<!-- Title: g Pages: 1 -->\n<svg width=\"510pt\" height=\"260pt\"\n viewBox=\"0.00 0.00 510.00 260.00\" xmlns=\"http://www.w3.org/2000/svg\" xmlns:xlink=\"http://www.w3.org/1999/xlink\">\n<g id=\"graph0\" class=\"graph\" transform=\"scale(1 1) rotate(0) translate(4 256)\" data-symbols=\"g\">\n<polygon fill=\"white\" stroke=\"transparent\" points=\"-4,4 -4,-256 506,-256 506,4 -4,4\"/>\n<!-- _ZN9CallerOne18one_calls_two_leftEP9CallerTwoP11CallerThreeP10CallerFour -->\n<g id=\"node1\" class=\"node\" data-symbols=\"_ZN9CallerOne18one_calls_two_leftEP9CallerTwoP11CallerThreeP10CallerFour\">\n<polygon fill=\"none\" stroke=\"black\" points=\"215,-252 24,-252 24,-216 215,-216 215,-252\"/>\n<text text-anchor=\"middle\" x=\"119.5\" y=\"-231.5\" font-family=\"Courier New\" font-size=\"10.00\">CallerOne::one_calls_two_left</text>\n</g>\n<!-- _ZN9CallerTwo26two_left_calls_three_nexusEP11CallerThreeP10CallerFour -->\n<g id=\"node2\" class=\"node\" data-symbols=\"_ZN9CallerTwo26two_left_calls_three_nexusEP11CallerThreeP10CallerFour\">\n<polygon fill=\"none\" stroke=\"black\" points=\"239,-180 0,-180 0,-144 239,-144 239,-180\"/>\n<text text-anchor=\"middle\" x=\"119.5\" y=\"-159.5\" font-family=\"Courier New\" font-size=\"10.00\">CallerTwo::two_left_calls_three_nexus</text>\n</g>\n<!-- _ZN9CallerOne18one_calls_two_leftEP9CallerTwoP11CallerThreeP10CallerFour&#45;&gt;_ZN9CallerTwo26two_left_calls_three_nexusEP11CallerThreeP10CallerFour -->\n<g id=\"edge1\" class=\"edge\" data-symbols=\"_ZN9CallerOne18one_calls_two_leftEP9CallerTwoP11CallerThreeP10CallerFour&#45;&gt;_ZN9CallerTwo26two_left_calls_three_nexusEP11CallerThreeP10CallerFour\">\n<path fill=\"none\" stroke=\"black\" d=\"M119.5,-215.7C119.5,-207.98 119.5,-198.71 119.5,-190.11\"/>\n<polygon fill=\"black\" stroke=\"black\" points=\"123,-190.1 119.5,-180.1 116,-190.1 123,-190.1\"/>\n</g>\n<!-- _ZN11CallerThree11three_nexusEP10CallerFour -->\n<g id=\"node3\" class=\"node\" data-symbols=\"_ZN11CallerThree11three_nexusEP10CallerFour\">\n<polygon fill=\"none\" stroke=\"black\" points=\"330,-108 169,-108 169,-72 330,-72 330,-108\"/>\n<text text-anchor=\"middle\" x=\"249.5\" y=\"-87.5\" font-family=\"Courier New\" font-size=\"10.00\">CallerThree::three_nexus</text>\n</g>\n<!-- _ZN9CallerTwo26two_left_calls_three_nexusEP11CallerThreeP10CallerFour&#45;&gt;_ZN11CallerThree11three_nexusEP10CallerFour -->\n<g id=\"edge2\" class=\"edge\" data-symbols=\"_ZN9CallerTwo26two_left_calls_three_nexusEP11CallerThreeP10CallerFour&#45;&gt;_ZN11CallerThree11three_nexusEP10CallerFour\">\n<path fill=\"none\" stroke=\"black\" d=\"M151.3,-143.88C168.61,-134.55 190.22,-122.92 208.76,-112.94\"/>\n<polygon fill=\"black\" stroke=\"black\" points=\"210.43,-116.01 217.58,-108.19 207.11,-109.85 210.43,-116.01\"/>\n</g>\n<!-- _ZN10CallerFour9four_leftEv -->\n<g id=\"node4\" class=\"node\" data-symbols=\"_ZN10CallerFour9four_leftEv\">\n<polygon fill=\"none\" stroke=\"black\" points=\"239,-36 96,-36 96,0 239,0 239,-36\"/>\n<text text-anchor=\"middle\" x=\"167.5\" y=\"-15.5\" font-family=\"Courier New\" font-size=\"10.00\">CallerFour::four_left</text>\n</g>\n<!-- _ZN11CallerThree11three_nexusEP10CallerFour&#45;&gt;_ZN10CallerFour9four_leftEv -->\n<g id=\"edge3\" class=\"edge\" data-symbols=\"_ZN11CallerThree11three_nexusEP10CallerFour&#45;&gt;_ZN10CallerFour9four_leftEv\">\n<path fill=\"none\" stroke=\"black\" d=\"M229.23,-71.7C219,-62.97 206.44,-52.24 195.32,-42.75\"/>\n<polygon fill=\"black\" stroke=\"black\" points=\"197.41,-39.94 187.54,-36.1 192.87,-45.26 197.41,-39.94\"/>\n</g>\n<!-- _ZN10CallerFour10four_rightEv -->\n<g id=\"node7\" class=\"node\" data-symbols=\"_ZN10CallerFour10four_rightEv\">\n<polygon fill=\"none\" stroke=\"black\" points=\"406,-36 257,-36 257,0 406,0 406,-36\"/>\n<text text-anchor=\"middle\" x=\"331.5\" y=\"-15.5\" font-family=\"Courier New\" font-size=\"10.00\">CallerFour::four_right</text>\n</g>\n<!-- _ZN11CallerThree11three_nexusEP10CallerFour&#45;&gt;_ZN10CallerFour10four_rightEv -->\n<g id=\"edge6\" class=\"edge\" data-symbols=\"_ZN11CallerThree11three_nexusEP10CallerFour&#45;&gt;_ZN10CallerFour10four_rightEv\">\n<path fill=\"none\" stroke=\"black\" d=\"M269.77,-71.7C280,-62.97 292.56,-52.24 303.68,-42.75\"/>\n<polygon fill=\"black\" stroke=\"black\" points=\"306.13,-45.26 311.46,-36.1 301.59,-39.94 306.13,-45.26\"/>\n</g>\n<!-- _ZN9CallerOne19one_calls_two_rightEP9CallerTwoP11CallerThreeP10CallerFour -->\n<g id=\"node5\" class=\"node\" data-symbols=\"_ZN9CallerOne19one_calls_two_rightEP9CallerTwoP11CallerThreeP10CallerFour\">\n<polygon fill=\"none\" stroke=\"black\" points=\"478,-252 281,-252 281,-216 478,-216 478,-252\"/>\n<text text-anchor=\"middle\" x=\"379.5\" y=\"-231.5\" font-family=\"Courier New\" font-size=\"10.00\">CallerOne::one_calls_two_right</text>\n</g>\n<!-- _ZN9CallerTwo27two_right_calls_three_nexusEP11CallerThreeP10CallerFour -->\n<g id=\"node6\" class=\"node\" data-symbols=\"_ZN9CallerTwo27two_right_calls_three_nexusEP11CallerThreeP10CallerFour\">\n<polygon fill=\"none\" stroke=\"black\" points=\"502,-180 257,-180 257,-144 502,-144 502,-180\"/>\n<text text-anchor=\"middle\" x=\"379.5\" y=\"-159.5\" font-family=\"Courier New\" font-size=\"10.00\">CallerTwo::two_right_calls_three_nexus</text>\n</g>\n<!-- _ZN9CallerOne19one_calls_two_rightEP9CallerTwoP11CallerThreeP10CallerFour&#45;&gt;_ZN9CallerTwo27two_right_calls_three_nexusEP11CallerThreeP10CallerFour -->\n<g id=\"edge4\" class=\"edge\" data-symbols=\"_ZN9CallerOne19one_calls_two_rightEP9CallerTwoP11CallerThreeP10CallerFour&#45;&gt;_ZN9CallerTwo27two_right_calls_three_nexusEP11CallerThreeP10CallerFour\">\n<path fill=\"none\" stroke=\"black\" d=\"M379.5,-215.7C379.5,-207.98 379.5,-198.71 379.5,-190.11\"/>\n<polygon fill=\"black\" stroke=\"black\" points=\"383,-190.1 379.5,-180.1 376,-190.1 383,-190.1\"/>\n</g>\n<!-- _ZN9CallerTwo27two_right_calls_three_nexusEP11CallerThreeP10CallerFour&#45;&gt;_ZN11CallerThree11three_nexusEP10CallerFour -->\n<g id=\"edge5\" class=\"edge\" data-symbols=\"_ZN9CallerTwo27two_right_calls_three_nexusEP11CallerThreeP10CallerFour&#45;&gt;_ZN11CallerThree11three_nexusEP10CallerFour\">\n<path fill=\"none\" stroke=\"black\" d=\"M347.7,-143.88C330.39,-134.55 308.78,-122.92 290.24,-112.94\"/>\n<polygon fill=\"black\" stroke=\"black\" points=\"291.89,-109.85 281.42,-108.19 288.57,-116.01 291.89,-109.85\"/>\n</g>\n</g>\n</svg>\n"
    }
  ],
  "overloads_hit": [],
  "symbols": {
    "_ZN10CallerFour10four_rightEv": {
      "structured": 1,
      "pretty": "CallerFour::four_right",
      "sym": "_ZN10CallerFour10four_rightEv",
      "kind": "method",
      "parentsym": "T_CallerFour",
      "implKind": "",
      "sizeBytes": null,
      "bindingSlots": [],
      "supers": [],
      "methods": [],
      "fields": [],
      "overrides": [],
      "props": [
        "instance",
        "user"
      ]
    },
    "_ZN10CallerFour9four_leftEv": {
      "structured": 1,
      "pretty": "CallerFour::four_left",
      "sym": "_ZN10CallerFour9four_leftEv",
      "kind": "method",
      "parentsym": "T_CallerFour",
      "implKind": "",
      "sizeBytes": null,
      "bindingSlots": [],
      "supers": [],
      "methods": [],
      "fields": [],
      "overrides": [],
      "props": [
        "instance",
        "user"
      ]
    },
    "_ZN11CallerThree11three_nexusEP10CallerFour": {
      "structured": 1,
      "pretty": "CallerThree::three_nexus",
      "sym": "_ZN11CallerThree11three_nexusEP10CallerFour",
      "kind": "method",
      "parentsym": "T_CallerThree",
      "implKind": "",
      "sizeBytes": null,
      "bindingSlots": [],
      "supers": [],
      "methods": [],
      "fields": [],
      "overrides": [],
      "props": [
        "instance",
        "user"
      ]
    },
    "_ZN9CallerOne18one_calls_two_leftEP9CallerTwoP11CallerThreeP10CallerFour": {
      "structured": 1,
      "pretty": "CallerOne::one_calls_two_left",
      "sym": "_ZN9CallerOne18one_calls_two_leftEP9CallerTwoP11CallerThreeP10CallerFour",
      "kind": "method",
      "parentsym": "T_CallerOne",
      "implKind": "",
      "sizeBytes": null,
      "bindingSlots": [],
      "supers": [],
      "methods": [],
      "fields": [],
      "overrides": [],
      "props": [
        "instance",
        "user"
      ]
    },
    "_ZN9CallerOne19one_calls_two_rightEP9CallerTwoP11CallerThreeP10CallerFour": {
      "structured": 1,
      "pretty": "CallerOne::one_calls_two_right",
      "sym": "_ZN9CallerOne19one_calls_two_rightEP9CallerTwoP11CallerThreeP10CallerFour",
      "kind": "method",
      "parentsym": "T_CallerOne",
      "implKind": "",
      "sizeBytes": null,
      "bindingSlots": [],
      "supers": [],
      "methods": [],
      "fields": [],
      "overrides": [],
      "props": [
        "instance",
        "user"
      ]
    },
    "_ZN9CallerTwo26two_left_calls_three_nexusEP11CallerThreeP10CallerFour": {
      "structured": 1,
      "pretty": "CallerTwo::two_left_calls_three_nexus",
      "sym": "_ZN9CallerTwo26two_left_calls_three_nexusEP11CallerThreeP10CallerFour",
      "kind": "method",
      "parentsym": "T_CallerTwo",
      "implKind": "",
      "sizeBytes": null,
      "bindingSlots": [],
      "supers": [],
      "methods": [],
      "fields": [],
      "overrides": [],
      "props": [
        "instance",
        "user"
      ]
    },
    "_ZN9CallerTwo27two_right_calls_three_nexusEP11CallerThreeP10CallerFour": {
      "structured": 1,
      "pretty": "CallerTwo::two_right_calls_three_nexus",
      "sym": "_ZN9CallerTwo27two_right_calls_three_nexusEP11CallerThreeP10CallerFour",
      "kind": "method",
      "parentsym": "T_CallerTwo",
      "implKind": "",
      "sizeBytes": null,
      "bindingSlots": [],
      "supers": [],
      "methods": [],
      "fields": [],
      "overrides": [],
      "props": [
        "instance",
        "user"
      ]
    }
  }
}
