---
source: tests/test_check_insta.rs
expression: "&to_value(jvl).unwrap()"
---
{
  "values": [
    {
      "value": {
        "pretty": "GlobalContext",
        "isDef": true,
        "kind": "class"
      }
    },
    {
      "value": {
        "pretty": "GlobalContext::decideBooleanTrait",
        "isDef": true,
        "kind": "method"
      }
    },
    {
      "value": {
        "pretty": "GlobalContext::decideEnigmaticAnimalBooleanTrait",
        "isDef": true,
        "kind": "method"
      }
    },
    {
      "value": {
        "pretty": "GlobalContext::decideCatBooleanTrait",
        "isDef": true,
        "kind": "method"
      }
    },
    {
      "value": {
        "pretty": "GlobalContext::decideBestFriendBooleanTrait",
        "isDef": true,
        "kind": "method"
      }
    },
    {
      "value": {
        "pretty": "GlobalContext::LessGlobalContext",
        "isDef": true,
        "kind": "class"
      }
    },
    {
      "value": {
        "pretty": "GlobalContext::LessGlobalContext::decideWhetherToDecide",
        "isDef": true,
        "kind": "method"
      }
    },
    {
      "value": {
        "pretty": "GlobalContext::decideDogBooleanTrait",
        "isDef": true,
        "kind": "method"
      }
    },
    {
      "value": {
        "pretty": "outerNS",
        "isDef": true,
        "kind": "namespace"
      }
    },
    {
      "value": {
        "pretty": "outerNS::Thing",
        "isDef": true,
        "kind": "class"
      }
    },
    {
      "value": {
        "pretty": "outerNS::Thing::mHP",
        "isDef": true,
        "kind": "field"
      }
    },
    {
      "value": {
        "pretty": "outerNS::Thing::mDefunct",
        "isDef": true,
        "kind": "field"
      }
    },
    {
      "value": {
        "pretty": "outerNS::Thing::Thing",
        "isDef": true,
        "kind": "method"
      }
    },
    {
      "value": {
        "pretty": "outerNS::Thing::ignore",
        "isDef": true,
        "kind": "field"
      }
    },
    {
      "value": {
        "pretty": "outerNS::Thing::takeDamage",
        "isDef": true,
        "kind": "method"
      }
    },
    {
      "value": {
        "pretty": "outerNS::Thing::unlink",
        "isDef": true,
        "kind": "method"
      }
    },
    {
      "value": {
        "pretty": "outerNS::Thing::ignore",
        "isDef": true,
        "kind": "method"
      }
    },
    {
      "value": {
        "pretty": "outerNS::Human",
        "isDef": true,
        "kind": "class"
      }
    },
    {
      "value": {
        "pretty": "outerNS::Human::Human",
        "isDef": true,
        "kind": "method"
      }
    },
    {
      "value": {
        "pretty": "outerNS::Superhero",
        "isDef": true,
        "kind": "class"
      }
    },
    {
      "value": {
        "pretty": "outerNS::Superhero::Superhero",
        "isDef": true,
        "kind": "method"
      }
    },
    {
      "value": {
        "pretty": "outerNS::Superhero::takeDamage",
        "isDef": true,
        "kind": "method"
      }
    },
    {
      "value": {
        "pretty": "outerNS::Couch",
        "isDef": true,
        "kind": "class"
      }
    },
    {
      "value": {
        "pretty": "outerNS::Couch::Couch",
        "isDef": true,
        "kind": "method"
      }
    },
    {
      "value": {
        "pretty": "outerNS::OuterCat",
        "isDef": true,
        "kind": "class"
      }
    },
    {
      "value": {
        "pretty": "outerNS::OuterCat::mIsFriendly",
        "isDef": true,
        "kind": "field"
      }
    },
    {
      "value": {
        "pretty": "outerNS::OuterCat::mIsSecretlyUnfriendly",
        "isDef": true,
        "kind": "field"
      }
    },
    {
      "value": {
        "pretty": "outerNS::OuterCat::mOwner",
        "isDef": true,
        "kind": "field"
      }
    },
    {
      "value": {
        "pretty": "outerNS::OuterCat::OuterCat",
        "isDef": true,
        "kind": "method"
      }
    },
    {
      "value": {
        "pretty": "outerNS::OuterCat::isFriendlyCat",
        "isDef": true,
        "kind": "method"
      }
    },
    {
      "value": {
        "pretty": "outerNS::OuterCat::isSecretlyUnfriendly",
        "isDef": true,
        "kind": "method"
      }
    },
    {
      "value": {
        "pretty": "outerNS::OuterCat::isFriendlyIfNotCurrentlyVisible",
        "isDef": true,
        "kind": "method"
      }
    },
    {
      "value": {
        "pretty": "outerNS::OuterCat::unlink",
        "isDef": true,
        "kind": "method"
      }
    },
    {
      "value": {
        "pretty": "outerNS::OuterCat::meet",
        "isDef": true,
        "kind": "method"
      }
    },
    {
      "value": {
        "pretty": "outerNS::OuterCat::meet",
        "isDef": true,
        "kind": "method"
      }
    },
    {
      "value": {
        "pretty": "outerNS::OuterCat::shred",
        "isDef": true,
        "kind": "method"
      }
    },
    {
      "value": {
        "pretty": "outerNS::OuterCat::destroy",
        "isDef": true,
        "kind": "method"
      }
    },
    {
      "value": {
        "pretty": "outerNS::AbstractArt",
        "isDef": true,
        "kind": "class"
      }
    },
    {
      "value": {
        "pretty": "outerNS::AbstractArt::AbstractArt",
        "isDef": true,
        "kind": "method"
      }
    },
    {
      "value": {
        "pretty": "outerNS::AbstractArt::beArt",
        "isDef": true,
        "kind": "field"
      }
    },
    {
      "value": {
        "pretty": "outerNS::PracticalArt",
        "isDef": true,
        "kind": "class"
      }
    },
    {
      "value": {
        "pretty": "outerNS::PracticalArt::PracticalArt",
        "isDef": true,
        "kind": "method"
      }
    },
    {
      "value": {
        "pretty": "outerNS::PracticalArt::beArt",
        "isDef": true,
        "kind": "method"
      }
    },
    {
      "value": {
        "pretty": "outerNS::StackArtHolder",
        "isDef": true,
        "kind": "class"
      }
    },
    {
      "value": {
        "pretty": "outerNS::StackArtHolder::StackArtHolder",
        "isDef": true,
        "kind": "method"
      }
    },
    {
      "value": {
        "pretty": "outerNS::innerNS",
        "isDef": true,
        "kind": "namespace"
      }
    },
    {
      "value": {
        "pretty": "outerNS::innerNS::InnerCat",
        "isDef": true,
        "kind": "class"
      }
    },
    {
      "value": {
        "pretty": "outerNS::innerNS::AnonCat",
        "isDef": true,
        "kind": "class"
      }
    },
    {
      "value": {
        "pretty": "outerNS::innerNS::DebugAnonCat",
        "isDef": true,
        "kind": "class"
      }
    },
    {
      "value": {
        "pretty": "outerNS::innerNS::NondebugAnonCat",
        "isDef": true,
        "kind": "class"
      }
    },
    {
      "value": {
        "pretty": "i_was_declared_in_the_header",
        "isDef": true,
        "kind": "method"
      }
    }
  ]
}
