---
source: src/bin/test-index.rs
expression: "&json_results"
---
[
  {
    "loc": "1:0-13",
    "source": 1,
    "syntax": "type",
    "pretty": "IDL class TestInterface",
    "sym": "WEBIDL_TestInterface"
  },
  {
    "loc": "1:0-13",
    "target": 1,
    "kind": "use",
    "pretty": "TestInterface",
    "sym": "WEBIDL_TestInterface"
  },
  {
    "loc": "1:23-41",
    "source": 1,
    "syntax": "type",
    "pretty": "IDL class TestInterfaceMixin",
    "sym": "WEBIDL_TestInterfaceMixin"
  },
  {
    "loc": "1:23-41",
    "target": 1,
    "kind": "use",
    "pretty": "TestInterfaceMixin",
    "sym": "WEBIDL_TestInterfaceMixin"
  }
]
