---
source: src/bin/test-index.rs
expression: "&json_results"
---
[
  {
    "loc": "1:18-31",
    "source": 1,
    "syntax": "idl",
    "pretty": "IDL class TestNamespace",
    "sym": "WEBIDL_TestNamespace"
  },
  {
    "loc": "1:18-31",
    "target": 1,
    "kind": "idl",
    "pretty": "TestNamespace",
    "sym": "WEBIDL_TestNamespace"
  },
  {
    "loc": "2:7-18",
    "source": 1,
    "syntax": "idl",
    "pretty": "IDL method TestNamespace::PartialFunc",
    "sym": "WEBIDL_TestNamespace_PartialFunc"
  },
  {
    "loc": "2:7-18",
    "target": 1,
    "kind": "idl",
    "pretty": "TestNamespace::PartialFunc",
    "sym": "WEBIDL_TestNamespace_PartialFunc"
  },
  {
    "loc": "2:7-18",
    "structured": 1,
    "pretty": "TestNamespace::PartialFunc",
    "sym": "WEBIDL_TestNamespace_PartialFunc",
    "kind": "method",
    "implKind": "idl",
    "bindingSlots": [
      {
        "slotKind": "method",
        "slotLang": "js",
        "ownerLang": "idl",
        "sym": "#PartialFunc"
      }
    ]
  },
  {
    "loc": "2:2-6",
    "source": 1,
    "syntax": "type",
    "pretty": "IDL type void",
    "sym": "WEBIDL_void"
  },
  {
    "loc": "2:2-6",
    "target": 1,
    "kind": "use",
    "pretty": "void",
    "sym": "WEBIDL_void"
  },
  {
    "loc": "1:18-31",
    "structured": 1,
    "pretty": "TestNamespace",
    "sym": "WEBIDL_TestNamespace",
    "kind": "class",
    "implKind": "idl",
    "bindingSlots": [
      {
        "slotKind": "class",
        "slotLang": "cpp",
        "ownerLang": "idl",
        "sym": "NS_mozilla::dom::TestNamespace_Binding"
      },
      {
        "slotKind": "interface_name",
        "slotLang": "js",
        "ownerLang": "idl",
        "sym": "#TestNamespace"
      }
    ],
    "methods": [
      {
        "pretty": "TestNamespace::PartialFunc",
        "sym": "WEBIDL_TestNamespace_PartialFunc",
        "props": []
      }
    ]
  }
]
