---
source: src/bin/test-index.rs
expression: "&json_results"
---
[
  {
    "loc": "00001:0",
    "target": 1,
    "kind": "def",
    "pretty": "file urlmap/root.html",
    "sym": "FILE_urlmap/root@2Ehtml"
  }
]
