---
source: tests/test_check_insta.rs
expression: "&json_results"
---
[
  {
    "loc": "00156:15-25",
    "structured": 1,
    "pretty": "outerNS::Thing::takeDamage",
    "sym": "_ZN7outerNS5Thing10takeDamageEi",
    "kind": "method",
    "parentsym": "T_outerNS::Thing",
    "overrides": [],
    "props": [
      "instance",
      "virtual",
      "user"
    ]
  }
]
