---
source: src/bin/test-index.rs
assertion_line: 127
expression: "&json_results"
---
[
  {
    "loc": "1:10-39",
    "source": 1,
    "syntax": "idl",
    "pretty": "IDL class TestInterfaceForAsyncIterable",
    "sym": "WEBIDL_TestInterfaceForAsyncIterable"
  },
  {
    "loc": "1:10-39",
    "target": 1,
    "kind": "idl",
    "pretty": "TestInterfaceForAsyncIterable",
    "sym": "WEBIDL_TestInterfaceForAsyncIterable"
  },
  {
    "loc": "2:2-16",
    "source": 1,
    "syntax": "idl",
    "pretty": "IDL method TestInterfaceForAsyncIterable::asynciterable",
    "sym": "WEBIDL_TestInterfaceForAsyncIterable_asynciterable"
  },
  {
    "loc": "2:2-16",
    "target": 1,
    "kind": "idl",
    "pretty": "TestInterfaceForAsyncIterable::asynciterable",
    "sym": "WEBIDL_TestInterfaceForAsyncIterable_asynciterable"
  },
  {
    "loc": "2:2-16",
    "structured": 1,
    "pretty": "TestInterfaceForAsyncIterable::asynciterable",
    "sym": "WEBIDL_TestInterfaceForAsyncIterable_asynciterable",
    "kind": "method",
    "implKind": "idl",
    "bindingSlots": [
      {
        "slotKind": "class",
        "slotLang": "cpp",
        "ownerLang": "idl",
        "sym": "NS_mozilla::dom::TestInterfaceForAsyncIterableAsyncIterator_Binding"
      }
    ]
  },
  {
    "loc": "2:17-24",
    "source": 1,
    "syntax": "type",
    "pretty": "IDL type KeyType",
    "sym": "WEBIDL_KeyType"
  },
  {
    "loc": "2:17-24",
    "target": 1,
    "kind": "use",
    "pretty": "KeyType",
    "sym": "WEBIDL_KeyType"
  },
  {
    "loc": "2:26-35",
    "source": 1,
    "syntax": "type",
    "pretty": "IDL type ValueType",
    "sym": "WEBIDL_ValueType"
  },
  {
    "loc": "2:26-35",
    "target": 1,
    "kind": "use",
    "pretty": "ValueType",
    "sym": "WEBIDL_ValueType"
  },
  {
    "loc": "2:46-54",
    "source": 1,
    "syntax": "type",
    "pretty": "IDL type ArgType1",
    "sym": "WEBIDL_ArgType1"
  },
  {
    "loc": "2:46-54",
    "target": 1,
    "kind": "use",
    "pretty": "ArgType1",
    "sym": "WEBIDL_ArgType1"
  },
  {
    "loc": "1:10-39",
    "structured": 1,
    "pretty": "TestInterfaceForAsyncIterable",
    "sym": "WEBIDL_TestInterfaceForAsyncIterable",
    "kind": "class",
    "implKind": "idl",
    "bindingSlots": [
      {
        "slotKind": "class",
        "slotLang": "cpp",
        "ownerLang": "idl",
        "sym": "NS_mozilla::dom::TestInterfaceForAsyncIterable_Binding"
      },
      {
        "slotKind": "interface_name",
        "slotLang": "js",
        "ownerLang": "idl",
        "sym": "#TestInterfaceForAsyncIterable"
      }
    ]
  }
]
