---
source: src/bin/test-index.rs
expression: "&json_results"
---
[
  {
    "loc": "1:18-31",
    "source": 1,
    "syntax": "idl",
    "pretty": "IDL class TestInterface",
    "sym": "WEBIDL_TestInterface"
  },
  {
    "loc": "1:18-31",
    "target": 1,
    "kind": "idl",
    "pretty": "TestInterface",
    "sym": "WEBIDL_TestInterface"
  },
  {
    "loc": "2:7-20",
    "source": 1,
    "syntax": "idl",
    "pretty": "IDL method TestInterface::PartialMethod",
    "sym": "WEBIDL_TestInterface_PartialMethod"
  },
  {
    "loc": "2:7-20",
    "target": 1,
    "kind": "idl",
    "pretty": "TestInterface::PartialMethod",
    "sym": "WEBIDL_TestInterface_PartialMethod"
  },
  {
    "loc": "2:7-20",
    "structured": 1,
    "pretty": "TestInterface::PartialMethod",
    "sym": "WEBIDL_TestInterface_PartialMethod",
    "kind": "method",
    "implKind": "idl",
    "bindingSlots": [
      {
        "slotKind": "method",
        "slotLang": "js",
        "ownerLang": "idl",
        "sym": "#PartialMethod"
      }
    ]
  },
  {
    "loc": "2:2-6",
    "source": 1,
    "syntax": "type",
    "pretty": "IDL type void",
    "sym": "WEBIDL_void"
  },
  {
    "loc": "2:2-6",
    "target": 1,
    "kind": "use",
    "pretty": "void",
    "sym": "WEBIDL_void"
  },
  {
    "loc": "1:18-31",
    "structured": 1,
    "pretty": "TestInterface",
    "sym": "WEBIDL_TestInterface",
    "kind": "class",
    "implKind": "idl",
    "bindingSlots": [
      {
        "slotKind": "class",
        "slotLang": "cpp",
        "ownerLang": "idl",
        "sym": "NS_mozilla::dom::TestInterface_Binding"
      },
      {
        "slotKind": "interface_name",
        "slotLang": "js",
        "ownerLang": "idl",
        "sym": "#TestInterface"
      }
    ],
    "methods": [
      {
        "pretty": "TestInterface::PartialMethod",
        "sym": "WEBIDL_TestInterface_PartialMethod",
        "props": []
      }
    ]
  }
]
