---
source: tests/test_check_insta.rs
expression: "&json_results"
input_file: inputs/analysis/java/InlineObject.kt/method__json
---
[
  {
    "loc": "00010:21-33",
    "structured": 1,
    "pretty": "sample::<anonymous object at 137>::someFunction",
    "sym": "S_jvm_sample/<anonymous_object_at_137>#someFunction().",
    "type_pretty": null,
    "kind": "method",
    "subsystem": null,
    "parentsym": "S_jvm_sample/<anonymous_object_at_137>#",
    "implKind": "impl",
    "sizeBytes": null,
    "alignmentBytes": null,
    "ownVFPtrBytes": null,
    "bindingSlots": [],
    "ontologySlots": [],
    "supers": [],
    "methods": [],
    "fields": [],
    "overrides": [
      {
        "sym": "S_jvm_sample/Interface#someFunction()."
      }
    ],
    "props": [],
    "variants": []
  }
]
