---
source: tests/test_check_insta.rs
expression: "&json_results"
---
[
  {
    "loc": "7:33-73",
    "source": 1,
    "syntax": "file,use",
    "pretty": "file urlmap/chrome1.css",
    "sym": "FILE_urlmap/chrome1@2Ecss"
  },
  {
    "loc": "7:33-73",
    "target": 1,
    "kind": "use",
    "pretty": "file urlmap/chrome1.css",
    "sym": "FILE_urlmap/chrome1@2Ecss",
    "context": ""
  },
  {
    "loc": "8:33-62",
    "source": 1,
    "syntax": "file,use",
    "pretty": "file urlmap/resource1.css",
    "sym": "FILE_urlmap/resource1@2Ecss"
  },
  {
    "loc": "8:33-62",
    "target": 1,
    "kind": "use",
    "pretty": "file urlmap/resource1.css",
    "sym": "FILE_urlmap/resource1@2Ecss",
    "context": ""
  },
  {
    "loc": "14:47-89",
    "source": 1,
    "syntax": "file,use",
    "pretty": "file urlmap/chrome1.mjs",
    "sym": "FILE_urlmap/chrome1@2Emjs"
  },
  {
    "loc": "14:47-89",
    "source": 1,
    "syntax": "file,use",
    "pretty": "file urlmap/chrome1b.mjs",
    "sym": "FILE_urlmap/chrome1b@2Emjs"
  },
  {
    "loc": "14:47-89",
    "target": 1,
    "kind": "use",
    "pretty": "file urlmap/chrome1.mjs",
    "sym": "FILE_urlmap/chrome1@2Emjs",
    "context": ""
  },
  {
    "loc": "14:47-89",
    "target": 1,
    "kind": "use",
    "pretty": "file urlmap/chrome1b.mjs",
    "sym": "FILE_urlmap/chrome1b@2Emjs",
    "context": ""
  },
  {
    "loc": "15:49-80",
    "source": 1,
    "syntax": "file,use",
    "pretty": "file urlmap/resource1.mjs",
    "sym": "FILE_urlmap/resource1@2Emjs"
  },
  {
    "loc": "15:49-80",
    "target": 1,
    "kind": "use",
    "pretty": "file urlmap/resource1.mjs",
    "sym": "FILE_urlmap/resource1@2Emjs",
    "context": ""
  },
  {
    "loc": "16:47-78",
    "source": 1,
    "syntax": "file,use",
    "pretty": "file moz-src:///urlmap/mozsrc1.mjs",
    "sym": "FILE_urlmap/mozsrc1@2Emjs"
  },
  {
    "loc": "16:47-78",
    "target": 1,
    "kind": "use",
    "pretty": "moz-src:///urlmap/mozsrc1.mjs",
    "sym": "FILE_urlmap/mozsrc1@2Emjs",
    "context": ""
  },
  {
    "loc": "20:11-53",
    "source": 1,
    "syntax": "file,use",
    "pretty": "file urlmap/chrome2.mjs",
    "sym": "FILE_urlmap/chrome2@2Emjs"
  },
  {
    "loc": "20:11-53",
    "target": 1,
    "kind": "use",
    "pretty": "file urlmap/chrome2.mjs",
    "sym": "FILE_urlmap/chrome2@2Emjs",
    "context": "chrome2"
  },
  {
    "loc": "21:13-44",
    "source": 1,
    "syntax": "file,use",
    "pretty": "file urlmap/resource2.mjs",
    "sym": "FILE_urlmap/resource2@2Emjs"
  },
  {
    "loc": "21:13-44",
    "target": 1,
    "kind": "use",
    "pretty": "file urlmap/resource2.mjs",
    "sym": "FILE_urlmap/resource2@2Emjs",
    "context": "resource2"
  },
  {
    "loc": "22:11-42",
    "source": 1,
    "syntax": "file,use",
    "pretty": "file moz-src:///urlmap/mozsrc2.mjs",
    "sym": "FILE_urlmap/mozsrc2@2Emjs"
  },
  {
    "loc": "22:11-42",
    "target": 1,
    "kind": "use",
    "pretty": "moz-src:///urlmap/mozsrc2.mjs",
    "sym": "FILE_urlmap/mozsrc2@2Emjs",
    "context": "mozsrc2"
  },
  {
    "loc": "25:12-55",
    "source": 1,
    "syntax": "file,use",
    "pretty": "file urlmap/chrome1.html",
    "sym": "FILE_urlmap/chrome1@2Ehtml"
  },
  {
    "loc": "25:12-55",
    "target": 1,
    "kind": "use",
    "pretty": "file urlmap/chrome1.html",
    "sym": "FILE_urlmap/chrome1@2Ehtml",
    "context": ""
  },
  {
    "loc": "26:12-44",
    "source": 1,
    "syntax": "file,use",
    "pretty": "file urlmap/resource1.html",
    "sym": "FILE_urlmap/resource1@2Ehtml"
  },
  {
    "loc": "26:12-44",
    "target": 1,
    "kind": "use",
    "pretty": "file urlmap/resource1.html",
    "sym": "FILE_urlmap/resource1@2Ehtml",
    "context": ""
  },
  {
    "loc": "27:12-44",
    "source": 1,
    "syntax": "file,use",
    "pretty": "file moz-src:///urlmap/mozsrc1.html",
    "sym": "FILE_urlmap/mozsrc1@2Ehtml"
  },
  {
    "loc": "27:12-44",
    "target": 1,
    "kind": "use",
    "pretty": "moz-src:///urlmap/mozsrc1.html",
    "sym": "FILE_urlmap/mozsrc1@2Ehtml",
    "context": ""
  },
  {
    "loc": "32:24-66",
    "source": 1,
    "syntax": "file,use",
    "pretty": "file urlmap/chrome3.mjs",
    "sym": "FILE_urlmap/chrome3@2Emjs"
  },
  {
    "loc": "32:24-66",
    "target": 1,
    "kind": "use",
    "pretty": "file urlmap/chrome3.mjs",
    "sym": "FILE_urlmap/chrome3@2Emjs",
    "context": ""
  },
  {
    "loc": "33:26-57",
    "source": 1,
    "syntax": "file,use",
    "pretty": "file urlmap/resource3.mjs",
    "sym": "FILE_urlmap/resource3@2Emjs"
  },
  {
    "loc": "33:26-57",
    "target": 1,
    "kind": "use",
    "pretty": "file urlmap/resource3.mjs",
    "sym": "FILE_urlmap/resource3@2Emjs",
    "context": ""
  },
  {
    "loc": "34:24-55",
    "source": 1,
    "syntax": "file,use",
    "pretty": "file moz-src:///urlmap/mozsrc3.mjs",
    "sym": "FILE_urlmap/mozsrc3@2Emjs"
  },
  {
    "loc": "34:24-55",
    "target": 1,
    "kind": "use",
    "pretty": "moz-src:///urlmap/mozsrc3.mjs",
    "sym": "FILE_urlmap/mozsrc3@2Emjs",
    "context": ""
  },
  {
    "loc": "36:47-89",
    "source": 1,
    "syntax": "file,use",
    "pretty": "file urlmap/chrome1.mjs",
    "sym": "FILE_urlmap/chrome1@2Emjs"
  },
  {
    "loc": "36:47-89",
    "source": 1,
    "syntax": "file,use",
    "pretty": "file urlmap/chrome1b.mjs",
    "sym": "FILE_urlmap/chrome1b@2Emjs"
  },
  {
    "loc": "36:47-89",
    "target": 1,
    "kind": "use",
    "pretty": "file urlmap/chrome1.mjs",
    "sym": "FILE_urlmap/chrome1@2Emjs",
    "context": ""
  },
  {
    "loc": "36:47-89",
    "target": 1,
    "kind": "use",
    "pretty": "file urlmap/chrome1b.mjs",
    "sym": "FILE_urlmap/chrome1b@2Emjs",
    "context": ""
  },
  {
    "loc": "37:49-80",
    "source": 1,
    "syntax": "file,use",
    "pretty": "file urlmap/resource1.mjs",
    "sym": "FILE_urlmap/resource1@2Emjs"
  },
  {
    "loc": "37:49-80",
    "target": 1,
    "kind": "use",
    "pretty": "file urlmap/resource1.mjs",
    "sym": "FILE_urlmap/resource1@2Emjs",
    "context": ""
  },
  {
    "loc": "38:47-78",
    "source": 1,
    "syntax": "file,use",
    "pretty": "file moz-src:///urlmap/mozsrc1.mjs",
    "sym": "FILE_urlmap/mozsrc1@2Emjs"
  },
  {
    "loc": "38:47-78",
    "target": 1,
    "kind": "use",
    "pretty": "moz-src:///urlmap/mozsrc1.mjs",
    "sym": "FILE_urlmap/mozsrc1@2Emjs",
    "context": ""
  },
  {
    "loc": "42:11-53",
    "source": 1,
    "syntax": "file,use",
    "pretty": "file urlmap/chrome2.mjs",
    "sym": "FILE_urlmap/chrome2@2Emjs"
  },
  {
    "loc": "42:11-53",
    "target": 1,
    "kind": "use",
    "pretty": "file urlmap/chrome2.mjs",
    "sym": "FILE_urlmap/chrome2@2Emjs",
    "context": "chrome2"
  },
  {
    "loc": "43:13-44",
    "source": 1,
    "syntax": "file,use",
    "pretty": "file urlmap/resource2.mjs",
    "sym": "FILE_urlmap/resource2@2Emjs"
  },
  {
    "loc": "43:13-44",
    "target": 1,
    "kind": "use",
    "pretty": "file urlmap/resource2.mjs",
    "sym": "FILE_urlmap/resource2@2Emjs",
    "context": "resource2"
  },
  {
    "loc": "44:11-42",
    "source": 1,
    "syntax": "file,use",
    "pretty": "file moz-src:///urlmap/mozsrc2.mjs",
    "sym": "FILE_urlmap/mozsrc2@2Emjs"
  },
  {
    "loc": "44:11-42",
    "target": 1,
    "kind": "use",
    "pretty": "moz-src:///urlmap/mozsrc2.mjs",
    "sym": "FILE_urlmap/mozsrc2@2Emjs",
    "context": "mozsrc2"
  },
  {
    "loc": "47:12-55",
    "source": 1,
    "syntax": "file,use",
    "pretty": "file urlmap/chrome1.html",
    "sym": "FILE_urlmap/chrome1@2Ehtml"
  },
  {
    "loc": "47:12-55",
    "target": 1,
    "kind": "use",
    "pretty": "file urlmap/chrome1.html",
    "sym": "FILE_urlmap/chrome1@2Ehtml",
    "context": ""
  },
  {
    "loc": "48:12-44",
    "source": 1,
    "syntax": "file,use",
    "pretty": "file urlmap/resource1.html",
    "sym": "FILE_urlmap/resource1@2Ehtml"
  },
  {
    "loc": "48:12-44",
    "target": 1,
    "kind": "use",
    "pretty": "file urlmap/resource1.html",
    "sym": "FILE_urlmap/resource1@2Ehtml",
    "context": ""
  },
  {
    "loc": "49:12-44",
    "source": 1,
    "syntax": "file,use",
    "pretty": "file moz-src:///urlmap/mozsrc1.html",
    "sym": "FILE_urlmap/mozsrc1@2Ehtml"
  },
  {
    "loc": "49:12-44",
    "target": 1,
    "kind": "use",
    "pretty": "moz-src:///urlmap/mozsrc1.html",
    "sym": "FILE_urlmap/mozsrc1@2Ehtml",
    "context": ""
  },
  {
    "loc": "52:31-71",
    "source": 1,
    "syntax": "file,use",
    "pretty": "file urlmap/chrome1.mjs",
    "sym": "FILE_urlmap/chrome1@2Emjs"
  },
  {
    "loc": "52:31-71",
    "target": 1,
    "kind": "use",
    "pretty": "file urlmap/chrome1.mjs",
    "sym": "FILE_urlmap/chrome1@2Emjs",
    "context": ""
  },
  {
    "loc": "53:31-60",
    "source": 1,
    "syntax": "file,use",
    "pretty": "file urlmap/resource1.mjs",
    "sym": "FILE_urlmap/resource1@2Emjs"
  },
  {
    "loc": "53:31-60",
    "target": 1,
    "kind": "use",
    "pretty": "file urlmap/resource1.mjs",
    "sym": "FILE_urlmap/resource1@2Emjs",
    "context": ""
  },
  {
    "loc": "55:14-54",
    "source": 1,
    "syntax": "file,use",
    "pretty": "file urlmap/chrome1.png",
    "sym": "FILE_urlmap/chrome1@2Epng"
  },
  {
    "loc": "55:14-54",
    "target": 1,
    "kind": "use",
    "pretty": "file urlmap/chrome1.png",
    "sym": "FILE_urlmap/chrome1@2Epng",
    "context": ""
  },
  {
    "loc": "56:14-43",
    "source": 1,
    "syntax": "file,use",
    "pretty": "file urlmap/resource1.png",
    "sym": "FILE_urlmap/resource1@2Epng"
  },
  {
    "loc": "56:14-43",
    "target": 1,
    "kind": "use",
    "pretty": "file urlmap/resource1.png",
    "sym": "FILE_urlmap/resource1@2Epng",
    "context": ""
  }
]
