---
source: src/bin/test-index.rs
expression: "&json_results"
---
[
  {
    "loc": "9:9-21",
    "source": 1,
    "syntax": "def,prop",
    "pretty": "property onDivClicked",
    "sym": "#onDivClicked",
    "nestingRange": "9:24-10:0"
  },
  {
    "loc": "9:9-21",
    "target": 1,
    "kind": "def",
    "pretty": "onDivClicked",
    "sym": "#onDivClicked",
    "context": ""
  }
]
