---
source: tests/test_check_insta.rs
expression: "&to_value(jvl).unwrap()"
---
{
  "values": [
    {
      "value": {
        "sym": "FILE_big_cpp@2Ecpp",
        "pretty": "big_cpp.cpp",
        "meta": {
          "structured": 1,
          "pretty": "big_cpp.cpp",
          "sym": "FILE_big_cpp@2Ecpp",
          "type_pretty": null,
          "kind": "file",
          "subsystem": "Core/Big",
          "implKind": "impl",
          "sizeBytes": null,
          "bindingSlots": [],
          "ontologySlots": [],
          "supers": [],
          "methods": [],
          "fields": [],
          "overrides": [],
          "props": []
        },
        "jumps": {
          "def": "big_cpp.cpp#1"
        }
      }
    }
  ]
}
