---
source: tests/test_check_insta.rs
expression: "&to_value(scil).unwrap()"
---
{
  "symbol_crossref_infos": [
    {
      "symbol": "S_java_gradle_sample/JavaLibrary#<init>().",
      "crossref_info": {
        "uses": [
          {
            "path": "src/test/java/sample/JavaTest.java",
            "path_kind": "Test files",
            "lines": [
              {
                "lno": 11,
                "bounds": [
                  33,
                  44
                ],
                "line": "JavaLibrary classUnderTest = new JavaLibrary();",
                "context": "sample::JavaTest::someJavaLibraryMethodReturnsTrue",
                "contextsym": "S_java_gradle_sample/JavaTest#someJavaLibraryMethodReturnsTrue()."
              }
            ]
          },
          {
            "path": "src/test/kotlin/sample/KotlinTest.kt",
            "path_kind": "Test files",
            "lines": [
              {
                "lno": 11,
                "bounds": [
                  21,
                  32
                ],
                "line": "val classUnderTest = JavaLibrary()",
                "context": "sample::KotlinTest::someJavaLibraryMethodReturnsTrue",
                "contextsym": "S_java_gradle_sample/KotlinTest#someJavaLibraryMethodReturnsTrue()."
              }
            ]
          }
        ],
        "defs": [
          {
            "path": "src/main/java/sample/JavaLibrary.java",
            "path_kind": "Normal",
            "lines": [
              {
                "lno": 6,
                "bounds": [
                  13,
                  24
                ],
                "line": "public class JavaLibrary {",
                "context": "sample::JavaLibrary",
                "contextsym": "S_java_gradle_sample/JavaLibrary#"
              }
            ]
          }
        ],
        "meta": {
          "structured": 1,
          "pretty": "sample::JavaLibrary::<init>",
          "sym": "S_java_gradle_sample/JavaLibrary#<init>().",
          "type_pretty": null,
          "kind": "method",
          "parentsym": "S_java_gradle_sample/JavaLibrary#",
          "implKind": "impl",
          "sizeBytes": null,
          "bindingSlots": [],
          "supers": [],
          "methods": [],
          "fields": [],
          "overrides": [],
          "props": []
        }
      },
      "relation": "Queried",
      "quality": "ExactIdentifier",
      "overloads_hit": []
    }
  ],
  "unknown_symbols": []
}
