---
source: tests/test_check_insta.rs
expression: "&jv.value"
---
{
  "groups": {
    "graph-build": {
      "input": null,
      "segments": [
        {
          "command": "search-identifiers",
          "args": {
            "bool_args": [
              "exact-match"
            ],
            "named_args": {},
            "positional_args": [
              "outerNS::Thing::takeDamage"
            ]
          }
        },
        {
          "command": "crossref-lookup",
          "args": {
            "bool_args": [],
            "named_args": {},
            "positional_args": []
          }
        },
        {
          "command": "traverse",
          "args": {
            "bool_args": [],
            "named_args": {
              "edge": [
                "uses",
                0
              ]
            },
            "positional_args": []
          }
        }
      ],
      "output": "graph",
      "depth": 0
    },
    "graph-render": {
      "input": "graph",
      "segments": [
        {
          "command": "graph",
          "args": {
            "bool_args": [],
            "named_args": {
              "format": [
                "rawdot",
                0
              ]
            },
            "positional_args": []
          }
        }
      ],
      "output": "result",
      "depth": 0
    }
  },
  "junctions": {},
  "phases": [
    {
      "groups": [
        [
          "graph-build",
          "graph-render"
        ]
      ],
      "junctions": []
    }
  ]
}
