---
source: tests/test_check_insta.rs
expression: "&json_results"
snapshot_kind: text
---
[
  {
    "loc": "00004:2-31",
    "source": 1,
    "nestingRange": "4:34-4:35",
    "syntax": "def,function",
    "type": "void (void)",
    "pretty": "function StructUsedInTypeDependentNew0::StructUsedInTypeDependentNew0",
    "sym": "_ZN29StructUsedInTypeDependentNew0C1Ev"
  },
  {
    "loc": "00004:2-31",
    "structured": 1,
    "pretty": "StructUsedInTypeDependentNew0::StructUsedInTypeDependentNew0",
    "sym": "_ZN29StructUsedInTypeDependentNew0C1Ev",
    "args": [],
    "kind": "method",
    "parentsym": "T_StructUsedInTypeDependentNew0",
    "overrides": [],
    "props": [
      "instance",
      "user"
    ]
  },
  {
    "loc": "00004:2-31",
    "target": 1,
    "kind": "def",
    "pretty": "StructUsedInTypeDependentNew0::StructUsedInTypeDependentNew0",
    "sym": "_ZN29StructUsedInTypeDependentNew0C1Ev",
    "context": "StructUsedInTypeDependentNew0",
    "contextsym": "T_StructUsedInTypeDependentNew0"
  },
  {
    "loc": "00035:17-36",
    "source": 1,
    "syntax": "use,constructor",
    "pretty": "constructor StructUsedInTypeDependentNew0::StructUsedInTypeDependentNew0",
    "sym": "_ZN29StructUsedInTypeDependentNew0C1Ev"
  },
  {
    "loc": "00035:17-36",
    "target": 1,
    "kind": "use",
    "pretty": "StructUsedInTypeDependentNew0::StructUsedInTypeDependentNew0",
    "sym": "_ZN29StructUsedInTypeDependentNew0C1Ev",
    "context": "test",
    "contextsym": "_Z4testv"
  },
  {
    "loc": "00036:17-36",
    "source": 1,
    "syntax": "use,constructor",
    "pretty": "constructor StructUsedInTypeDependentNew0::StructUsedInTypeDependentNew0",
    "sym": "_ZN29StructUsedInTypeDependentNew0C1Ev"
  },
  {
    "loc": "00036:17-36",
    "target": 1,
    "kind": "use",
    "pretty": "StructUsedInTypeDependentNew0::StructUsedInTypeDependentNew0",
    "sym": "_ZN29StructUsedInTypeDependentNew0C1Ev",
    "context": "test",
    "contextsym": "_Z4testv"
  },
  {
    "loc": "00039:17-27",
    "source": 1,
    "syntax": "use,constructor",
    "pretty": "constructor StructUsedInTypeDependentNew0::StructUsedInTypeDependentNew0",
    "sym": "_ZN29StructUsedInTypeDependentNew0C1Ev"
  },
  {
    "loc": "00039:17-27",
    "target": 1,
    "kind": "use",
    "pretty": "StructUsedInTypeDependentNew0::StructUsedInTypeDependentNew0",
    "sym": "_ZN29StructUsedInTypeDependentNew0C1Ev",
    "context": "test",
    "contextsym": "_Z4testv"
  },
  {
    "loc": "00040:17-27",
    "source": 1,
    "syntax": "use,constructor",
    "pretty": "constructor StructUsedInTypeDependentNew0::StructUsedInTypeDependentNew0",
    "sym": "_ZN29StructUsedInTypeDependentNew0C1Ev"
  },
  {
    "loc": "00040:17-27",
    "target": 1,
    "kind": "use",
    "pretty": "StructUsedInTypeDependentNew0::StructUsedInTypeDependentNew0",
    "sym": "_ZN29StructUsedInTypeDependentNew0C1Ev",
    "context": "test",
    "contextsym": "_Z4testv"
  },
  {
    "loc": "00043:17-36",
    "source": 1,
    "syntax": "use,constructor",
    "pretty": "constructor StructUsedInTypeDependentNew0::StructUsedInTypeDependentNew0",
    "sym": "_ZN29StructUsedInTypeDependentNew0C1Ev"
  },
  {
    "loc": "00043:17-36",
    "target": 1,
    "kind": "use",
    "pretty": "StructUsedInTypeDependentNew0::StructUsedInTypeDependentNew0",
    "sym": "_ZN29StructUsedInTypeDependentNew0C1Ev",
    "context": "test",
    "contextsym": "_Z4testv"
  },
  {
    "loc": "00044:17-36",
    "source": 1,
    "syntax": "use,constructor",
    "pretty": "constructor StructUsedInTypeDependentNew0::StructUsedInTypeDependentNew0",
    "sym": "_ZN29StructUsedInTypeDependentNew0C1Ev"
  },
  {
    "loc": "00044:17-36",
    "target": 1,
    "kind": "use",
    "pretty": "StructUsedInTypeDependentNew0::StructUsedInTypeDependentNew0",
    "sym": "_ZN29StructUsedInTypeDependentNew0C1Ev",
    "context": "test",
    "contextsym": "_Z4testv"
  },
  {
    "loc": "00047:17-37",
    "source": 1,
    "syntax": "use,constructor",
    "pretty": "constructor StructUsedInTypeDependentNew0::StructUsedInTypeDependentNew0",
    "sym": "_ZN29StructUsedInTypeDependentNew0C1Ev"
  },
  {
    "loc": "00047:17-37",
    "target": 1,
    "kind": "use",
    "pretty": "StructUsedInTypeDependentNew0::StructUsedInTypeDependentNew0",
    "sym": "_ZN29StructUsedInTypeDependentNew0C1Ev",
    "context": "test",
    "contextsym": "_Z4testv"
  },
  {
    "loc": "00048:17-37",
    "source": 1,
    "syntax": "use,constructor",
    "pretty": "constructor StructUsedInTypeDependentNew0::StructUsedInTypeDependentNew0",
    "sym": "_ZN29StructUsedInTypeDependentNew0C1Ev"
  },
  {
    "loc": "00048:17-37",
    "target": 1,
    "kind": "use",
    "pretty": "StructUsedInTypeDependentNew0::StructUsedInTypeDependentNew0",
    "sym": "_ZN29StructUsedInTypeDependentNew0C1Ev",
    "context": "test",
    "contextsym": "_Z4testv"
  }
]
