---
source: tests/test_check_insta.rs
expression: "&json_results"
---
[
  {
    "loc": "00007:10-19",
    "source": 1,
    "syntax": "use,function",
    "type": "uint32_t",
    "pretty": "function nsIXPCTestParams::TestOctet",
    "sym": "_ZN16nsIXPCTestParams9TestOctetEhPhS0_",
    "argRanges": [
      "7:20-7:20",
      "7:23-7:24",
      "7:27-7:28"
    ]
  },
  {
    "loc": "00007:10-19",
    "target": 1,
    "kind": "use",
    "pretty": "nsIXPCTestParams::TestOctet",
    "sym": "_ZN16nsIXPCTestParams9TestOctetEhPhS0_",
    "context": "consume_xpidl",
    "contextsym": "_Z13consume_xpidlP16nsIXPCTestParams",
    "argRanges": [
      "7:20-7:20",
      "7:23-7:24",
      "7:27-7:28"
    ]
  }
]
